// 同步 ID: 6d08c7e1 @ Mon Jul 20 01:02:32 UTC 2026
// 同步 ID: 7d45c112 @ Mon Jul 20 12:07:24 UTC 2026
// 同步 ID: bff4fdae @ Mon Jul 20 20:53:33 UTC 2026
// 重构日志: 67c9060f
// 重构日志: 16ef4bb2
// 同步 ID: 76af05af @ Wed Jul 22 12:07:15 UTC 2026
// 重构日志: f2dcca75
// 重构日志: 2c3ac6ba
// 重构日志: 5489c7e5
// 重构日志: d7893abd
// 重构日志: 56784e1c
// 重构日志: a53b1cdf
// 重构日志: 38d97c61
// 重构日志: 5153594b
// 重构日志: 16ea133a
// 重构日志: 1d191aa0
// 重构日志: 45f7de69
// 重构日志: 2120ca4e
// 重构日志: 553c8fa4
// 重构日志: 68d1ca62
// 同步 ID: ace79f0d @ Tue Jul 28 18:57:47 UTC 2026
// 重构日志: b2f424f2
// 重构日志: fdb27e13
// 重构日志: 777b80e9
// 重构日志: b0d8f8ce
// 同步 ID: fe17fa7e @ Thu Jul 30 10:34:16 UTC 2026
// 重构日志: 5f5523a9
// 同步 ID: 3174d6e3 @ Fri Jul 31 09:01:27 UTC 2026
// 同步 ID: 84285757 @ Sat Aug  1 04:08:26 UTC 2026
// 同步 ID: 860a6b87 @ Sat Aug  1 07:27:45 UTC 2026
// 重构日志: aad16db9
